This is pdfTeX, Version 3.141592653-2.6-1.40.25 (TeX Live 2023/Debian) (preloaded format=pdflatex 2026.9.5)  5 SEP 2026 19:56
entering extended mode
 restricted \write18 enabled.
 %&-line parsing enabled.
**fig4c_report.tex
(./fig4c_report.tex
LaTeX2e <2023-11-01> patch level 1
L3 programming layer <2024-01-22>
(/usr/share/texlive/texmf-dist/tex/latex/base/article.cls
Document Class: article 2023/05/17 v1.4n Standard LaTeX document class
(/usr/share/texlive/texmf-dist/tex/latex/base/size11.clo
File: size11.clo 2023/05/17 v1.4n Standard LaTeX file (size option)
)
\c@part=\count187
\c@section=\count188
\c@subsection=\count189
\c@subsubsection=\count190
\c@paragraph=\count191
\c@subparagraph=\count192
\c@figure=\count193
\c@table=\count194
\abovecaptionskip=\skip48
\belowcaptionskip=\skip49
\bibindent=\dimen140
)
(/usr/share/texlive/texmf-dist/tex/latex/geometry/geometry.sty
Package: geometry 2020/01/02 v5.9 Page Geometry

(/usr/share/texlive/texmf-dist/tex/latex/graphics/keyval.sty
Package: keyval 2022/05/29 v1.15 key=value parser (DPC)
\KV@toks@=\toks17
)
(/usr/share/texlive/texmf-dist/tex/generic/iftex/ifvtex.sty
Package: ifvtex 2019/10/25 v1.7 ifvtex legacy package. Use iftex instead.

(/usr/share/texlive/texmf-dist/tex/generic/iftex/iftex.sty
Package: iftex 2022/02/03 v1.0f TeX engine tests
))
\Gm@cnth=\count195
\Gm@cntv=\count196
\c@Gm@tempcnt=\count197
\Gm@bindingoffset=\dimen141
\Gm@wd@mp=\dimen142
\Gm@odd@mp=\dimen143
\Gm@even@mp=\dimen144
\Gm@layoutwidth=\dimen145
\Gm@layoutheight=\dimen146
\Gm@layouthoffset=\dimen147
\Gm@layoutvoffset=\dimen148
\Gm@dimlist=\toks18
)
(/usr/share/texlive/texmf-dist/tex/latex/base/fontenc.sty
Package: fontenc 2021/04/29 v2.0v Standard LaTeX package
)
(/usr/share/texmf/tex/latex/lm/lmodern.sty
Package: lmodern 2015/05/01 v1.6.1 Latin Modern Fonts
LaTeX Font Info:    Overwriting symbol font `operators' in version `normal'
(Font)                  OT1/cmr/m/n --> OT1/lmr/m/n on input line 22.
LaTeX Font Info:    Overwriting symbol font `letters' in version `normal'
(Font)                  OML/cmm/m/it --> OML/lmm/m/it on input line 23.
LaTeX Font Info:    Overwriting symbol font `symbols' in version `normal'
(Font)                  OMS/cmsy/m/n --> OMS/lmsy/m/n on input line 24.
LaTeX Font Info:    Overwriting symbol font `largesymbols' in version `normal'
(Font)                  OMX/cmex/m/n --> OMX/lmex/m/n on input line 25.
LaTeX Font Info:    Overwriting symbol font `operators' in version `bold'
(Font)                  OT1/cmr/bx/n --> OT1/lmr/bx/n on input line 26.
LaTeX Font Info:    Overwriting symbol font `letters' in version `bold'
(Font)                  OML/cmm/b/it --> OML/lmm/b/it on input line 27.
LaTeX Font Info:    Overwriting symbol font `symbols' in version `bold'
(Font)                  OMS/cmsy/b/n --> OMS/lmsy/b/n on input line 28.
LaTeX Font Info:    Overwriting symbol font `largesymbols' in version `bold'
(Font)                  OMX/cmex/m/n --> OMX/lmex/m/n on input line 29.
LaTeX Font Info:    Overwriting math alphabet `\mathbf' in version `normal'
(Font)                  OT1/cmr/bx/n --> OT1/lmr/bx/n on input line 31.
LaTeX Font Info:    Overwriting math alphabet `\mathsf' in version `normal'
(Font)                  OT1/cmss/m/n --> OT1/lmss/m/n on input line 32.
LaTeX Font Info:    Overwriting math alphabet `\mathit' in version `normal'
(Font)                  OT1/cmr/m/it --> OT1/lmr/m/it on input line 33.
LaTeX Font Info:    Overwriting math alphabet `\mathtt' in version `normal'
(Font)                  OT1/cmtt/m/n --> OT1/lmtt/m/n on input line 34.
LaTeX Font Info:    Overwriting math alphabet `\mathbf' in version `bold'
(Font)                  OT1/cmr/bx/n --> OT1/lmr/bx/n on input line 35.
LaTeX Font Info:    Overwriting math alphabet `\mathsf' in version `bold'
(Font)                  OT1/cmss/bx/n --> OT1/lmss/bx/n on input line 36.
LaTeX Font Info:    Overwriting math alphabet `\mathit' in version `bold'
(Font)                  OT1/cmr/bx/it --> OT1/lmr/bx/it on input line 37.
LaTeX Font Info:    Overwriting math alphabet `\mathtt' in version `bold'
(Font)                  OT1/cmtt/m/n --> OT1/lmtt/m/n on input line 38.
)
(/usr/share/texlive/texmf-dist/tex/latex/amsmath/amsmath.sty
Package: amsmath 2023/05/13 v2.17o AMS math features
\@mathmargin=\skip50

For additional information on amsmath, use the `?' option.
(/usr/share/texlive/texmf-dist/tex/latex/amsmath/amstext.sty
Package: amstext 2021/08/26 v2.01 AMS text

(/usr/share/texlive/texmf-dist/tex/latex/amsmath/amsgen.sty
File: amsgen.sty 1999/11/30 v2.0 generic functions
\@emptytoks=\toks19
\ex@=\dimen149
))
(/usr/share/texlive/texmf-dist/tex/latex/amsmath/amsbsy.sty
Package: amsbsy 1999/11/29 v1.2d Bold Symbols
\pmbraise@=\dimen150
)
(/usr/share/texlive/texmf-dist/tex/latex/amsmath/amsopn.sty
Package: amsopn 2022/04/08 v2.04 operator names
)
\inf@bad=\count198
LaTeX Info: Redefining \frac on input line 234.
\uproot@=\count199
\leftroot@=\count266
LaTeX Info: Redefining \overline on input line 399.
LaTeX Info: Redefining \colon on input line 410.
\classnum@=\count267
\DOTSCASE@=\count268
LaTeX Info: Redefining \ldots on input line 496.
LaTeX Info: Redefining \dots on input line 499.
LaTeX Info: Redefining \cdots on input line 620.
\Mathstrutbox@=\box51
\strutbox@=\box52
LaTeX Info: Redefining \big on input line 722.
LaTeX Info: Redefining \Big on input line 723.
LaTeX Info: Redefining \bigg on input line 724.
LaTeX Info: Redefining \Bigg on input line 725.
\big@size=\dimen151
LaTeX Font Info:    Redeclaring font encoding OML on input line 743.
LaTeX Font Info:    Redeclaring font encoding OMS on input line 744.
\macc@depth=\count269
LaTeX Info: Redefining \bmod on input line 905.
LaTeX Info: Redefining \pmod on input line 910.
LaTeX Info: Redefining \smash on input line 940.
LaTeX Info: Redefining \relbar on input line 970.
LaTeX Info: Redefining \Relbar on input line 971.
\c@MaxMatrixCols=\count270
\dotsspace@=\muskip16
\c@parentequation=\count271
\dspbrk@lvl=\count272
\tag@help=\toks20
\row@=\count273
\column@=\count274
\maxfields@=\count275
\andhelp@=\toks21
\eqnshift@=\dimen152
\alignsep@=\dimen153
\tagshift@=\dimen154
\tagwidth@=\dimen155
\totwidth@=\dimen156
\lineht@=\dimen157
\@envbody=\toks22
\multlinegap=\skip51
\multlinetaggap=\skip52
\mathdisplay@stack=\toks23
LaTeX Info: Redefining \[ on input line 2953.
LaTeX Info: Redefining \] on input line 2954.
)
(/usr/share/texlive/texmf-dist/tex/latex/graphics/graphicx.sty
Package: graphicx 2021/09/16 v1.2d Enhanced LaTeX Graphics (DPC,SPQR)

(/usr/share/texlive/texmf-dist/tex/latex/graphics/graphics.sty
Package: graphics 2022/03/10 v1.4e Standard LaTeX Graphics (DPC,SPQR)

(/usr/share/texlive/texmf-dist/tex/latex/graphics/trig.sty
Package: trig 2021/08/11 v1.11 sin cos tan (DPC)
)
(/usr/share/texlive/texmf-dist/tex/latex/graphics-cfg/graphics.cfg
File: graphics.cfg 2016/06/04 v1.11 sample graphics configuration
)
Package graphics Info: Driver file: pdftex.def on input line 107.

(/usr/share/texlive/texmf-dist/tex/latex/graphics-def/pdftex.def
File: pdftex.def 2022/09/22 v1.2b Graphics/color driver for pdftex
))
\Gin@req@height=\dimen158
\Gin@req@width=\dimen159
)
(/usr/share/texlive/texmf-dist/tex/latex/booktabs/booktabs.sty
Package: booktabs 2020/01/12 v1.61803398 Publication quality tables
\heavyrulewidth=\dimen160
\lightrulewidth=\dimen161
\cmidrulewidth=\dimen162
\belowrulesep=\dimen163
\belowbottomsep=\dimen164
\aboverulesep=\dimen165
\abovetopsep=\dimen166
\cmidrulesep=\dimen167
\cmidrulekern=\dimen168
\defaultaddspace=\dimen169
\@cmidla=\count276
\@cmidlb=\count277
\@aboverulesep=\dimen170
\@belowrulesep=\dimen171
\@thisruleclass=\count278
\@lastruleclass=\count279
\@thisrulewidth=\dimen172
)
(/usr/share/texlive/texmf-dist/tex/latex/ragged2e/ragged2e.sty
Package: ragged2e 2023/06/22 v3.6 ragged2e Package
\CenteringLeftskip=\skip53
\RaggedLeftLeftskip=\skip54
\RaggedRightLeftskip=\skip55
\CenteringRightskip=\skip56
\RaggedLeftRightskip=\skip57
\RaggedRightRightskip=\skip58
\CenteringParfillskip=\skip59
\RaggedLeftParfillskip=\skip60
\RaggedRightParfillskip=\skip61
\JustifyingParfillskip=\skip62
\CenteringParindent=\skip63
\RaggedLeftParindent=\skip64
\RaggedRightParindent=\skip65
\JustifyingParindent=\skip66
)
(/usr/share/texlive/texmf-dist/tex/latex/xcolor/xcolor.sty
Package: xcolor 2023/11/15 v3.01 LaTeX color extensions (UK)

(/usr/share/texlive/texmf-dist/tex/latex/graphics-cfg/color.cfg
File: color.cfg 2016/01/02 v1.6 sample color configuration
)
Package xcolor Info: Driver file: pdftex.def on input line 274.

(/usr/share/texlive/texmf-dist/tex/latex/graphics/mathcolor.ltx)
Package xcolor Info: Model `cmy' substituted by `cmy0' on input line 1350.
Package xcolor Info: Model `hsb' substituted by `rgb' on input line 1354.
Package xcolor Info: Model `RGB' extended on input line 1366.
Package xcolor Info: Model `HTML' substituted by `rgb' on input line 1368.
Package xcolor Info: Model `Hsb' substituted by `hsb' on input line 1369.
Package xcolor Info: Model `tHsb' substituted by `hsb' on input line 1370.
Package xcolor Info: Model `HSB' substituted by `hsb' on input line 1371.
Package xcolor Info: Model `Gray' substituted by `gray' on input line 1372.
Package xcolor Info: Model `wave' substituted by `hsb' on input line 1373.
)
(/usr/share/texlive/texmf-dist/tex/latex/hyperref/hyperref.sty
Package: hyperref 2024-01-20 v7.01h Hypertext links for LaTeX

(/usr/share/texlive/texmf-dist/tex/latex/kvsetkeys/kvsetkeys.sty
Package: kvsetkeys 2022-10-05 v1.19 Key value parser (HO)
)
(/usr/share/texlive/texmf-dist/tex/generic/kvdefinekeys/kvdefinekeys.sty
Package: kvdefinekeys 2019-12-19 v1.6 Define keys (HO)
)
(/usr/share/texlive/texmf-dist/tex/generic/pdfescape/pdfescape.sty
Package: pdfescape 2019/12/09 v1.15 Implements pdfTeX's escape features (HO)

(/usr/share/texlive/texmf-dist/tex/generic/ltxcmds/ltxcmds.sty
Package: ltxcmds 2023-12-04 v1.26 LaTeX kernel commands for general use (HO)
)
(/usr/share/texlive/texmf-dist/tex/generic/pdftexcmds/pdftexcmds.sty
Package: pdftexcmds 2020-06-27 v0.33 Utility functions of pdfTeX for LuaTeX (HO
)

(/usr/share/texlive/texmf-dist/tex/generic/infwarerr/infwarerr.sty
Package: infwarerr 2019/12/03 v1.5 Providing info/warning/error messages (HO)
)
Package pdftexcmds Info: \pdf@primitive is available.
Package pdftexcmds Info: \pdf@ifprimitive is available.
Package pdftexcmds Info: \pdfdraftmode found.
))
(/usr/share/texlive/texmf-dist/tex/latex/hycolor/hycolor.sty
Package: hycolor 2020-01-27 v1.10 Color options for hyperref/bookmark (HO)
)
(/usr/share/texlive/texmf-dist/tex/latex/auxhook/auxhook.sty
Package: auxhook 2019-12-17 v1.6 Hooks for auxiliary files (HO)
)
(/usr/share/texlive/texmf-dist/tex/latex/hyperref/nameref.sty
Package: nameref 2023-11-26 v2.56 Cross-referencing by name of section

(/usr/share/texlive/texmf-dist/tex/latex/refcount/refcount.sty
Package: refcount 2019/12/15 v3.6 Data extraction from label references (HO)
)
(/usr/share/texlive/texmf-dist/tex/generic/gettitlestring/gettitlestring.sty
Package: gettitlestring 2019/12/15 v1.6 Cleanup title references (HO)

(/usr/share/texlive/texmf-dist/tex/latex/kvoptions/kvoptions.sty
Package: kvoptions 2022-06-15 v3.15 Key value format for package options (HO)
))
\c@section@level=\count280
)
(/usr/share/texlive/texmf-dist/tex/latex/etoolbox/etoolbox.sty
Package: etoolbox 2020/10/05 v2.5k e-TeX tools for LaTeX (JAW)
\etb@tempcnta=\count281
)
\@linkdim=\dimen173
\Hy@linkcounter=\count282
\Hy@pagecounter=\count283

(/usr/share/texlive/texmf-dist/tex/latex/hyperref/pd1enc.def
File: pd1enc.def 2024-01-20 v7.01h Hyperref: PDFDocEncoding definition (HO)
Now handling font encoding PD1 ...
... no UTF-8 mapping file for font encoding PD1
)
(/usr/share/texlive/texmf-dist/tex/generic/intcalc/intcalc.sty
Package: intcalc 2019/12/15 v1.3 Expandable calculations with integers (HO)
)
\Hy@SavedSpaceFactor=\count284

(/usr/share/texlive/texmf-dist/tex/latex/hyperref/puenc.def
File: puenc.def 2024-01-20 v7.01h Hyperref: PDF Unicode definition (HO)
Now handling font encoding PU ...
... no UTF-8 mapping file for font encoding PU
)
Package hyperref Info: Hyper figures OFF on input line 4179.
Package hyperref Info: Link nesting OFF on input line 4184.
Package hyperref Info: Hyper index ON on input line 4187.
Package hyperref Info: Plain pages OFF on input line 4194.
Package hyperref Info: Backreferencing OFF on input line 4199.
Package hyperref Info: Implicit mode ON; LaTeX internals redefined.
Package hyperref Info: Bookmarks ON on input line 4446.
\c@Hy@tempcnt=\count285

(/usr/share/texlive/texmf-dist/tex/latex/url/url.sty
\Urlmuskip=\muskip17
Package: url 2013/09/16  ver 3.4  Verb mode for urls, etc.
)
LaTeX Info: Redefining \url on input line 4784.
\XeTeXLinkMargin=\dimen174

(/usr/share/texlive/texmf-dist/tex/generic/bitset/bitset.sty
Package: bitset 2019/12/09 v1.3 Handle bit-vector datatype (HO)

(/usr/share/texlive/texmf-dist/tex/generic/bigintcalc/bigintcalc.sty
Package: bigintcalc 2019/12/15 v1.5 Expandable calculations on big integers (HO
)
))
\Fld@menulength=\count286
\Field@Width=\dimen175
\Fld@charsize=\dimen176
Package hyperref Info: Hyper figures OFF on input line 6063.
Package hyperref Info: Link nesting OFF on input line 6068.
Package hyperref Info: Hyper index ON on input line 6071.
Package hyperref Info: backreferencing OFF on input line 6078.
Package hyperref Info: Link coloring OFF on input line 6083.
Package hyperref Info: Link coloring with OCG OFF on input line 6088.
Package hyperref Info: PDF/A mode OFF on input line 6093.

(/usr/share/texlive/texmf-dist/tex/latex/base/atbegshi-ltx.sty
Package: atbegshi-ltx 2021/01/10 v1.0c Emulation of the original atbegshi
package with kernel methods
)
\Hy@abspage=\count287
\c@Item=\count288
\c@Hfootnote=\count289
)
Package hyperref Info: Driver (autodetected): hpdftex.

(/usr/share/texlive/texmf-dist/tex/latex/hyperref/hpdftex.def
File: hpdftex.def 2024-01-20 v7.01h Hyperref driver for pdfTeX

(/usr/share/texlive/texmf-dist/tex/latex/base/atveryend-ltx.sty
Package: atveryend-ltx 2020/08/19 v1.0a Emulation of the original atveryend pac
kage
with kernel methods
)
\Fld@listcount=\count290
\c@bookmark@seq@number=\count291

(/usr/share/texlive/texmf-dist/tex/latex/rerunfilecheck/rerunfilecheck.sty
Package: rerunfilecheck 2022-07-10 v1.10 Rerun checks for auxiliary files (HO)

(/usr/share/texlive/texmf-dist/tex/generic/uniquecounter/uniquecounter.sty
Package: uniquecounter 2019/12/15 v1.4 Provide unlimited unique counter (HO)
)
Package uniquecounter Info: New unique counter `rerunfilecheck' on input line 2
85.
)
\Hy@SectionHShift=\skip67
)
(/usr/share/texlive/texmf-dist/tex/latex/enumitem/enumitem.sty
Package: enumitem 2019/06/20 v3.9 Customized lists
\labelindent=\skip68
\enit@outerparindent=\dimen177
\enit@toks=\toks24
\enit@inbox=\box53
\enit@count@id=\count292
\enitdp@description=\count293
)
(/usr/share/texlive/texmf-dist/tex/latex/caption/caption.sty
Package: caption 2023/08/05 v3.6o Customizing captions (AR)

(/usr/share/texlive/texmf-dist/tex/latex/caption/caption3.sty
Package: caption3 2023/07/31 v2.4d caption3 kernel (AR)
\caption@tempdima=\dimen178
\captionmargin=\dimen179
\caption@leftmargin=\dimen180
\caption@rightmargin=\dimen181
\caption@width=\dimen182
\caption@indent=\dimen183
\caption@parindent=\dimen184
\caption@hangindent=\dimen185
Package caption Info: Standard document class detected.
)
\c@caption@flags=\count294
\c@continuedfloat=\count295
Package caption Info: hyperref package is loaded.
)
(./parameters.tex) (./codelinks.tex)
LaTeX Font Info:    Trying to load font information for T1+lmr on input line 59
.
 (/usr/share/texmf/tex/latex/lm/t1lmr.fd
File: t1lmr.fd 2015/05/01 v1.6.1 Font defs for Latin Modern
)
(/usr/share/texlive/texmf-dist/tex/latex/l3backend/l3backend-pdftex.def
File: l3backend-pdftex.def 2024-01-04 L3 backend support: PDF output (pdfTeX)
\l__color_backend_stack_int=\count296
\l__pdf_internal_box=\box54
)
(./fig4c_report.aux)
\openout1 = `fig4c_report.aux'.

LaTeX Font Info:    Checking defaults for OML/cmm/m/it on input line 59.
LaTeX Font Info:    ... okay on input line 59.
LaTeX Font Info:    Checking defaults for OMS/cmsy/m/n on input line 59.
LaTeX Font Info:    ... okay on input line 59.
LaTeX Font Info:    Checking defaults for OT1/cmr/m/n on input line 59.
LaTeX Font Info:    ... okay on input line 59.
LaTeX Font Info:    Checking defaults for T1/cmr/m/n on input line 59.
LaTeX Font Info:    ... okay on input line 59.
LaTeX Font Info:    Checking defaults for TS1/cmr/m/n on input line 59.
LaTeX Font Info:    ... okay on input line 59.
LaTeX Font Info:    Checking defaults for OMX/cmex/m/n on input line 59.
LaTeX Font Info:    ... okay on input line 59.
LaTeX Font Info:    Checking defaults for U/cmr/m/n on input line 59.
LaTeX Font Info:    ... okay on input line 59.
LaTeX Font Info:    Checking defaults for PD1/pdf/m/n on input line 59.
LaTeX Font Info:    ... okay on input line 59.
LaTeX Font Info:    Checking defaults for PU/pdf/m/n on input line 59.
LaTeX Font Info:    ... okay on input line 59.

*geometry* driver: auto-detecting
*geometry* detected driver: pdftex
*geometry* verbose mode - [ preamble ] result:
* driver: pdftex
* paper: a4paper
* layout: <same size as paper>
* layoutoffset:(h,v)=(0.0pt,0.0pt)
* modes: 
* h-part:(L,W,R)=(71.13188pt, 455.24411pt, 71.13188pt)
* v-part:(T,H,B)=(71.13188pt, 702.78308pt, 71.13188pt)
* \paperwidth=597.50787pt
* \paperheight=845.04684pt
* \textwidth=455.24411pt
* \textheight=702.78308pt
* \oddsidemargin=-1.1381pt
* \evensidemargin=-1.1381pt
* \topmargin=-38.1381pt
* \headheight=12.0pt
* \headsep=25.0pt
* \topskip=11.0pt
* \footskip=30.0pt
* \marginparwidth=50.0pt
* \marginparsep=10.0pt
* \columnsep=10.0pt
* \skip\footins=10.0pt plus 4.0pt minus 2.0pt
* \hoffset=0.0pt
* \voffset=0.0pt
* \mag=1000
* \@twocolumnfalse
* \@twosidefalse
* \@mparswitchfalse
* \@reversemarginfalse
* (1in=72.27pt=25.4mm, 1cm=28.453pt)

(/usr/share/texlive/texmf-dist/tex/context/base/mkii/supp-pdf.mkii
[Loading MPS to PDF converter (version 2006.09.02).]
\scratchcounter=\count297
\scratchdimen=\dimen186
\scratchbox=\box55
\nofMPsegments=\count298
\nofMParguments=\count299
\everyMPshowfont=\toks25
\MPscratchCnt=\count300
\MPscratchDim=\dimen187
\MPnumerator=\count301
\makeMPintoPDFobject=\count302
\everyMPtoPDFconversion=\toks26
) (/usr/share/texlive/texmf-dist/tex/latex/epstopdf-pkg/epstopdf-base.sty
Package: epstopdf-base 2020-01-24 v2.11 Base part for package epstopdf
Package epstopdf-base Info: Redefining graphics rule for `.eps' on input line 4
85.

(/usr/share/texlive/texmf-dist/tex/latex/latexconfig/epstopdf-sys.cfg
File: epstopdf-sys.cfg 2010/07/13 v1.3 Configuration of (r)epstopdf for TeX Liv
e
))
Package hyperref Info: Link coloring OFF on input line 59.

(./fig4c_report.out) (./fig4c_report.out)
\@outlinefile=\write3
\openout3 = `fig4c_report.out'.

Package caption Info: Begin \AtBeginDocument code.
Package caption Info: End \AtBeginDocument code.
LaTeX Font Info:    Trying to load font information for OT1+lmr on input line 6
1.

(/usr/share/texmf/tex/latex/lm/ot1lmr.fd
File: ot1lmr.fd 2015/05/01 v1.6.1 Font defs for Latin Modern
)
LaTeX Font Info:    Trying to load font information for OML+lmm on input line 6
1.

(/usr/share/texmf/tex/latex/lm/omllmm.fd
File: omllmm.fd 2015/05/01 v1.6.1 Font defs for Latin Modern
)
LaTeX Font Info:    Trying to load font information for OMS+lmsy on input line 
61.

(/usr/share/texmf/tex/latex/lm/omslmsy.fd
File: omslmsy.fd 2015/05/01 v1.6.1 Font defs for Latin Modern
)
LaTeX Font Info:    Trying to load font information for OMX+lmex on input line 
61.

(/usr/share/texmf/tex/latex/lm/omxlmex.fd
File: omxlmex.fd 2015/05/01 v1.6.1 Font defs for Latin Modern
)
LaTeX Font Info:    External font `lmex10' loaded for size
(Font)              <12> on input line 61.
LaTeX Font Info:    External font `lmex10' loaded for size
(Font)              <8> on input line 61.
LaTeX Font Info:    External font `lmex10' loaded for size
(Font)              <6> on input line 61.
LaTeX Font Info:    Trying to load font information for T1+lmtt on input line 6
7.

(/usr/share/texmf/tex/latex/lm/t1lmtt.fd
File: t1lmtt.fd 2015/05/01 v1.6.1 Font defs for Latin Modern
)
Underfull \hbox (badness 10000) in paragraph at lines 67--67
[]\T1/lmr/bx/n/10 How to read this doc-u-ment. \T1/lmr/m/n/10 The prose is my n
ote-book draft, tran-scribed un-changed. []Red text[]
 []


Underfull \hbox (badness 10000) in paragraph at lines 67--67
\T1/lmr/m/n/10 fills a place-holder that the draft left open. []Blue text[] re-
places some-thing the draft got wrong; a foot-
 []


Underfull \hbox (badness 10000) in paragraph at lines 67--67
\T1/lmr/m/n/10 note gives the orig-i-nal word-ing and the source that cor-rects
 it. Ev-ery num-ber is gen-er-ated from
 []


Underfull \hbox (badness 10000) in paragraph at lines 67--67
\T1/lmtt/m/n/10 report/values.json \T1/lmr/m/n/10 (see \T1/lmtt/m/n/10 report/b
uild_parameters.py\T1/lmr/m/n/10 ); none is typed into this doc-u-ment. Code
 []

LaTeX Font Info:    External font `lmex10' loaded for size
(Font)              <10.95> on input line 67.
LaTeX Font Info:    External font `lmex10' loaded for size
(Font)              <9> on input line 90.
LaTeX Font Info:    External font `lmex10' loaded for size
(Font)              <5> on input line 90.

Underfull \hbox (badness 10000) in paragraph at lines 90--90
[][][]\T1/lmr/m/n/9 Added. The draft stopped at ``I was un-able to repli-cate t
his find-ing'', which is true of the pa-per's head-line
 []


Underfull \hbox (badness 10000) in paragraph at lines 90--90
\T1/lmr/m/n/9 but omits that one com-po-nent of the re-sult does re-pro-duce. S
ource: \T1/lmtt/m/n/9 results/*/fig4c_primary.json\T1/lmr/m/n/9 , clus-ter
 []


Underfull \hbox (badness 10000) in paragraph at lines 93--93
[]\T1/lmr/bx/n/10 Code: []\T1/lmtt/m/n/10 hm_fig4c/data.py:97--187 \T1/lmr/m/n/
10 build_tables()[] []\T1/lmtt/m/n/10 hm_fig4c/data.py:221--232 \T1/lmr/m/n/10 
pre-pare()[]
 []


Underfull \hbox (badness 10000) in paragraph at lines 93--93
[]\T1/lmtt/m/n/10 hm_fig4c/preprocess.py:50--61 \T1/lmr/m/n/10 pre-reg-is-tered
_launches()[] []\T1/lmtt/m/n/10 hm_fig4c/preprocess.py:41--47 \T1/lmr/m/n/10 fi
l-
 []

[1

{/var/lib/texmf/fonts/map/pdftex/updmap/pdftex.map}{/usr/share/texmf/fonts/enc/
dvips/lm/lm-ec.enc}{/usr/share/texmf/fonts/enc/dvips/lm/lm-rm.enc}{/usr/share/t
exmf/fonts/enc/dvips/lm/lm-mathit.enc}]
Underfull \hbox (badness 10000) in paragraph at lines 129--129
[][][]\T1/lmr/m/n/9 The dot-ted ``true pro-por-tion'' line in SM Fig-ure S60 is
 at 0.285; the 0.28 and 0.29 bars are the ini-tial can-
 []


Underfull \hbox (badness 10000) in paragraph at lines 129--129
\T1/lmr/m/n/9 di-dates and the ini-tial win-ner re-spec-tively. The com-par-i-s
on in this sen-tence is there-fore be-tween 0.285 and
 []

<figures/fig_paper.pdf, id=34, 359.26968pt x 177.70013pt>
File: figures/fig_paper.pdf Graphic file (type pdf)
<use figures/fig_paper.pdf>
Package pdftex.def Info: figures/fig_paper.pdf  used on input line 134.
(pdftex.def)             Requested size: 432.48051pt x 213.92238pt.
LaTeX Font Info:    External font `lmex10' loaded for size
(Font)              <10> on input line 138.
LaTeX Font Info:    External font `lmex10' loaded for size
(Font)              <7> on input line 138.

LaTeX Warning: `h' float specifier changed to `ht'.


Underfull \hbox (badness 10000) in paragraph at lines 143--143
[]\T1/lmr/bx/n/10 Code: []\T1/lmtt/m/n/10 hm_fig4c/analysis.py:59--93 \T1/lmr/m
/n/10 as-sign_minority()[] []\T1/lmtt/m/n/10 hm_fig4c/pipeline.py:40--45 \T1/lm
r/m/n/10 se-
 []


Underfull \hbox (badness 10000) in paragraph at lines 149--149
[][][][]\T1/lmr/m/n/9 The study de-sign as-signed par-tic-i-pants to groups of 
5 (SM 1.2); in the 1047 pre-registered rounds of co-horts
 []


Underfull \hbox (badness 10000) in paragraph at lines 149--149
\T1/lmr/m/n/9 1--3 that this anal-y-sis uses, 77% of rounds have 5 opin-ions an
d the re-main-der have 4, af-ter the pa-per's own
 []


Underfull \hbox (badness 10000) in paragraph at lines 165--165
[][][]\T1/lmr/m/n/9 SM 5.4.1: ``we may de-fine the `mi-nor-ity' side of the Lik
-ert scale as the side that con-tains the smaller num-
 []


Underfull \hbox (badness 10000) in paragraph at lines 165--165
\T1/lmr/m/n/9 ber of opin-ions, and de-fine all other opin-ions as `non-minorit
y' opinions---which in-clude `ma-jor-ity' opin-ions [...]
 []

[2]
Underfull \hbox (badness 10000) in paragraph at lines 181--181
[]\T1/lmr/bx/n/10 Code: []\T1/lmtt/m/n/10 hm_fig4c/data.py:38--47 \T1/lmr/m/n/1
0 end-point_texts()[] []\T1/lmtt/m/n/10 hm_fig4c/analysis.py:23--38 \T1/lmr/m/n
/10 po-si-
 []

[3{/usr/share/texmf/fonts/enc/dvips/lm/lm-mathsy.enc} <./figures/fig_paper.pdf>
]
Underfull \hbox (badness 10000) in paragraph at lines 193--193
[][][]\T1/lmr/m/n/9 The draft read: ``There are two main de-tails miss-ing from
 the SM. First, we don't have the ex-act phrases
 []


Underfull \hbox (badness 10000) in paragraph at lines 193--193
\T1/lmr/m/n/9 used to con-struct the end-points of this pro-jec-tion vec-tor.''
 SM 5.1.2 spec-i-fies them: the end-points are a ``generic
 []


Underfull \hbox (badness 10000) in paragraph at lines 193--193
\T1/lmr/m/n/9 + question-specific com-bi-na-tion'', i.e. the generic pre-fix fo
l-lowed by the ques-tion's af-firm-ing or negat-ing po-si-tion
 []


Underfull \hbox (badness 10000) in paragraph at lines 193--193
\T1/lmr/m/n/9 state-ment. Only the model size re-mains gen-uinely un-spec-i-fie
d, so the count of miss-ing de-tails drops from two to
 []


Underfull \hbox (badness 10000) in paragraph at lines 203--203
[]\T1/lmr/bx/n/10 Code: []\T1/lmtt/m/n/10 hm_fig4c/pipeline.py:54--57 \T1/lmr/m
/n/10 fig4a_correlation()[] []\T1/lmtt/m/n/10 report/compute_values.py:46--64
 []


Underfull \hbox (badness 10000) in paragraph at lines 211--211
[][][]\T1/lmr/m/n/9 Correct as writ-ten, and worth pin-ning down: this is the \
T1/lmr/m/it/9 marginal $\OML/lmm/m/it/9 r[]$ \T1/lmr/m/n/9 of the random-effect
s model of SM
 []


Underfull \hbox (badness 10000) in paragraph at lines 211--211
\T1/lmr/m/n/9 eq. 7 (Lik-ert rat-ing on po-si-tion score, ran-dom in-ter-cept p
er round). The pa-per's con-di-tional $\OML/lmm/m/it/9 r[]$ \T1/lmr/m/n/9 is 0.
45. My
 []

[4]
Underfull \hbox (badness 10000) in paragraph at lines 251--251
[]\T1/lmr/bx/n/10 Code: []\T1/lmtt/m/n/10 hm_fig4c/analysis.py:97--108 \T1/lmr/
m/n/10 con-vex_lstsq()[] []\T1/lmtt/m/n/10 hm_fig4c/analysis.py:111--132
 []


Underfull \hbox (badness 10000) in paragraph at lines 251--251
\T1/lmr/m/n/10 con-vex_fit_with_se()[] []\T1/lmtt/m/n/10 hm_fig4c/analysis.py:1
35--156 \T1/lmr/m/n/10 build_design()[]
 []


Underfull \hbox (badness 10000) in paragraph at lines 278--278
[][][]\T1/lmr/m/n/9 Corrected. The draft read: ``the out-put state-ment was sim
-ply one of the $\OML/lmm/m/it/9 m$ \T1/lmr/m/n/9 hu-man opin-ion in-puts, and
 []


Underfull \hbox (badness 10000) in paragraph at lines 278--278
\T1/lmr/m/n/9 re-peated this $\OML/lmm/m/it/9 m$ \T1/lmr/m/n/9 times (once for 
each in-put). [this may be in-cor-rect] Af-ter av-er-ag-ing across these runs, 
the av-
 []


Underfull \hbox (badness 10000) in paragraph at lines 278--278
\T1/lmr/m/n/9 er-age rep-re-sen-ta-tion $[]$ of an in-put $\OML/lmm/m/it/9 x[]$
 \T1/lmr/m/n/9 should be $[]$.'' The draft's own flag was right. The pa-per's M
a-te-ri-als and
 []


Underfull \hbox (badness 10000) in paragraph at lines 278--278
\T1/lmr/m/n/9 Meth-ods de-scribe it as: ``As a san-ity check, we sim-i-larly re
gress in-di-vid-ual opin-ions on con-vex com-bi-na-tions of
 []


Underfull \hbox (badness 10000) in paragraph at lines 278--278
\T1/lmr/m/n/9 those same opin-ions, which we ver-ify to sim-ply yield the pro-p
or-tion of opin-ions in the mi-nor-ity.'' The tar-get of
 []


Underfull \hbox (badness 10000) in paragraph at lines 286--286
[]\T1/lmr/bx/n/10 Code: []\T1/lmtt/m/n/10 hm_fig4c/pipeline.py:74--105 \T1/lmr/
m/n/10 run_minority_analysis()[] []\T1/lmtt/m/n/10 hm_fig4c/analysis.py:188--22
0
 []

<figures/fig_contrast.pdf, id=139, 445.27603pt x 206.60812pt>
File: figures/fig_contrast.pdf Graphic file (type pdf)
<use figures/fig_contrast.pdf>
Package pdftex.def Info: figures/fig_contrast.pdf  used on input line 294.
(pdftex.def)             Requested size: 455.24411pt x 211.24506pt.

LaTeX Warning: `h' float specifier changed to `ht'.

[5{/usr/share/texmf/fonts/enc/dvips/lm/lm-mathex.enc}]
Underfull \hbox (badness 10000) in paragraph at lines 337--337
[][]\T1/lmr/m/n/10 Sanity check: opin-ions re-gressed on them-selves
 []


Underfull \hbox (badness 10000) in paragraph at lines 338--338
[][]\T1/lmr/m/n/10 Position axis qual-ity: marginal $\OML/lmm/m/it/10 r[]$ \T1/
lmr/m/n/10 of Lik-ert on
 []


Underfull \hbox (badness 10000) in paragraph at lines 339--339
[][]\T1/lmr/m/n/10 Fig. 4A: cor-re-la-tion of po-si-tion score with Lik-
 []


Underfull \hbox (badness 10000) in paragraph at lines 340--340
[][]\T1/lmr/m/n/10 Fig. 4B: state-ments falling within the range of
 []


Underfull \hbox (badness 10000) in paragraph at lines 342--342
[][]\T1/lmr/m/n/10 Regression on the full 768-d em-bed-ding rather
 []


Underfull \hbox (badness 10000) in paragraph at lines 343--343
[][]\T1/lmr/m/n/10 Axis-noise sim-u-la-tion: weight re-cov-ered when
 []


Underfull \hbox (badness 10000) in paragraph at lines 344--344
[][]\T1/lmr/m/n/10 Winning state-ment lies in-side the group's opin-
 []


LaTeX Warning: `h' float specifier changed to `ht'.


Underfull \hbox (badness 10000) in paragraph at lines 360--360
[]\T1/lmr/bx/n/10 Code: []\T1/lmtt/m/n/10 notebooks/make_notebook.py:1--197 \T1
/lmr/m/n/10 (whole file)[] []\T1/lmtt/m/n/10 report/compute_values.py:67--90 \T
1/lmr/m/n/10 sen-si-
 []

[6 <./figures/fig_contrast.pdf>]
Underfull \hbox (badness 10000) in paragraph at lines 376--376
[][]\T1/lmr/m/n/10 count as non-minority; drop the rater;
 []


Underfull \hbox (badness 10000) in paragraph at lines 376--377
[][]\T1/lmr/m/n/10 count as non-minority (SM
 []


Underfull \hbox (badness 10000) in paragraph at lines 377--377
[][]\T1/lmr/m/n/10 Groups with equal num-
 []


Underfull \hbox (badness 10000) in paragraph at lines 377--377
[][]\T1/lmr/m/n/10 exclude; keep with the agree-ing side as
 []


Underfull \hbox (badness 10000) in paragraph at lines 377--377
\T1/lmr/m/n/10 mi-nor-ity; keep with the dis-agree-ing side
 []


Underfull \hbox (badness 10000) in paragraph at lines 378--378
[][]\T1/lmr/m/n/10 Basis for split-ting mi-nor-
 []


Underfull \hbox (badness 10000) in paragraph at lines 378--378
[][]\T1/lmr/m/n/10 Likert rat-ing; sign of the po-si-tion score
 []


Underfull \hbox (badness 10000) in paragraph at lines 379--379
[][]\T1/lmr/m/n/10 Column or-der of the de-
 []


Underfull \hbox (badness 10000) in paragraph at lines 380--380
[][]\T1/lmr/m/n/10 cohorts 1--3 pre-registered; all co-hort
 []


Underfull \hbox (badness 10000) in paragraph at lines 391--391
[][][][]\T1/lmr/m/n/9 16 spec-i-fi-ca-tions were run per em-bed-ding model, of 
which 14 com-pleted: 9 vary an an-a-lytic choice on the
 []


Underfull \hbox (badness 10000) in paragraph at lines 391--391
\T1/lmr/m/n/9 pri-mary sam-ple and 5 swap the sam-ple. The 2 that did not com-p
lete are the training-data and virtual-citizens'-
 []


Underfull \hbox (badness 10000) in paragraph at lines 391--391
\T1/lmr/m/n/9 assembly sam-ples, whose texts fall out-side the pre-registered s
et that was em-bed-ded; both are out-side the scope
 []

LaTeX Font Info:    Trying to load font information for TS1+lmr on input line 3
94.
(/usr/share/texmf/tex/latex/lm/ts1lmr.fd
File: ts1lmr.fd 2015/05/01 v1.6.1 Font defs for Latin Modern
)
Overfull \hbox (6.44827pt too wide) in paragraph at lines 394--398
\T1/lmr/m/n/10.95 sured from the ini-tial can-di-dates to the re-vised win-ner,
 and 93% mea-sured winner-to-winner, 
 []


Underfull \hbox (badness 10000) in paragraph at lines 403--403
[][][]\T1/lmr/m/n/9 Corrected. The draft gave 0.291. That is the true share un-
der one vari-ant --- neu-tral raters dropped --- not
 []


Underfull \hbox (badness 10000) in paragraph at lines 403--403
\T1/lmr/m/n/9 un-der the pri-mary spec-i-fi-ca-tion, where it is 0.262. Each ru
n is com-pared against its own true share rather than
 []

[7{/usr/share/texmf/fonts/enc/dvips/lm/lm-ts1.enc}]
<figures/fig_sensitivity.pdf, id=231, 384.69107pt x 192.15413pt>
File: figures/fig_sensitivity.pdf Graphic file (type pdf)
<use figures/fig_sensitivity.pdf>
Package pdftex.def Info: figures/fig_sensitivity.pdf  used on input line 413.
(pdftex.def)             Requested size: 418.82375pt x 209.20341pt.

Overfull \hbox (2.58286pt too wide) in paragraph at lines 441--442
[][]\T1/lmr/m/n/10.95 Two caveats be-long next to that con-clu-sion. The first 
is that ``sup-presses'' is a state-ment about 
 []


Overfull \hbox (4.71643pt too wide) in paragraph at lines 452--453
\T1/lmr/m/n/10.95 sur-vey data needed to an-swer it (\T1/lmtt/m/n/10.95 hm_all_
round_survey_responses.parquet\T1/lmr/m/n/10.95 ) is al-ready down- 
 []

[8 <./figures/fig_sensitivity.pdf>] [9] (./fig4c_report.aux)
 ***********
LaTeX2e <2023-11-01> patch level 1
L3 programming layer <2024-01-22>
 ***********
Package rerunfilecheck Info: File `fig4c_report.out' has not changed.
(rerunfilecheck)             Checksum: D41D8CD98F00B204E9800998ECF8427E;0.
 ) 
Here is how much of TeX's memory you used:
 12460 strings out of 476182
 197295 string characters out of 5795596
 1940975 words of memory out of 5000000
 34239 multiletter control sequences out of 15000+600000
 633964 words of font info for 81 fonts, out of 8000000 for 9000
 14 hyphenation exceptions out of 8191
 75i,11n,79p,580b,574s stack positions out of 10000i,1000n,20000p,200000b,200000s
</usr/share/texmf/fonts/type1/public/lm/lmbx10.pfb></usr/share/texmf/fonts/ty
pe1/public/lm/lmbx12.pfb></usr/share/texmf/fonts/type1/public/lm/lmex10.pfb></u
sr/share/texmf/fonts/type1/public/lm/lmmi10.pfb></usr/share/texmf/fonts/type1/p
ublic/lm/lmmi6.pfb></usr/share/texmf/fonts/type1/public/lm/lmmi8.pfb></usr/shar
e/texmf/fonts/type1/public/lm/lmmi9.pfb></usr/share/texmf/fonts/type1/public/lm
/lmr10.pfb></usr/share/texmf/fonts/type1/public/lm/lmr12.pfb></usr/share/texmf/
fonts/type1/public/lm/lmr17.pfb></usr/share/texmf/fonts/type1/public/lm/lmr6.pf
b></usr/share/texmf/fonts/type1/public/lm/lmr7.pfb></usr/share/texmf/fonts/type
1/public/lm/lmr8.pfb></usr/share/texmf/fonts/type1/public/lm/lmr9.pfb></usr/sha
re/texmf/fonts/type1/public/lm/lmri10.pfb></usr/share/texmf/fonts/type1/public/
lm/lmri9.pfb></usr/share/texmf/fonts/type1/public/lm/lmsy10.pfb></usr/share/tex
mf/fonts/type1/public/lm/lmsy8.pfb></usr/share/texmf/fonts/type1/public/lm/lmtt
10.pfb></usr/share/texmf/fonts/type1/public/lm/lmtt9.pfb>
Output written on fig4c_report.pdf (9 pages, 425920 bytes).
PDF statistics:
 404 PDF objects out of 1000 (max. 8388607)
 220 compressed objects within 3 object streams
 41 named destinations out of 1000 (max. 500000)
 16 words of extra memory for PDF output out of 10000 (max. 10000000)

